// Jest Snapshot v1, https://goo.gl/fbAQLP

exports[`redux/apis/constants tests constants snapshot test 1`] = `
Object {
  "ACTION_GET_ALBUMS": "ACTION_GET_ALBUMS",
  "ACTION_GET_ALBUMS_FAILED": "ACTION_GET_ALBUMS_FAILED",
  "ACTION_GET_ALBUMS_RESPONSE": "ACTION_GET_ALBUMS_RESPONSE",
  "ACTION_GET_PHOTOS": "ACTION_GET_PHOTOS",
  "ACTION_GET_PHOTOS_FAILED": "ACTION_GET_PHOTOS_FAILED",
  "ACTION_GET_PHOTOS_RESPONSE": "ACTION_GET_PHOTOS_RESPONSE",
}
`;
